// Jest Snapshot v1, https://goo.gl/fbAQLP

exports[`should match snapshot 1`] = `
<View
  style={
    [
      {
        "alignItems": "center",
        "flex": 1,
        "flexDirection": "column",
        "justifyContent": "center",
        "width": "100%",
      },
      {
        "backgroundColor": "#0000004a",
      },
    ]
  }
  testID="test-modalcontainer-id"
>
  <View
    style={
      [
        {
          "alignItems": "center",
          "flex": undefined,
          "flexDirection": "column",
          "justifyContent": "flex-start",
          "width": "100%",
        },
        {
          "backgroundColor": "white",
          "borderColor": "white",
          "borderRadius": 8,
          "paddingBottom": 30,
          "paddingHorizontal": 40,
          "paddingTop": 50,
          "width": "90%",
        },
      ]
    }
  >
    <View
      style={
        [
          {
            "alignItems": "center",
            "flex": undefined,
            "flexDirection": "column",
            "justifyContent": "flex-start",
            "width": "100%",
          },
          {
            "marginBottom": 20,
          },
        ]
      }
    >
      <Text
        style={
          {
            "color": "black",
            "fontFamily": "Poppins-Bold",
            "fontSize": 24,
            "letterSpacing": undefined,
            "textAlign": "left",
          }
        }
        testID="modalcontainer-header"
      >
        Header
      </Text>
    </View>
    <Text
      style={
        {
          "color": "#6B6B6B",
          "fontFamily": "Poppins-Light",
          "fontSize": 14,
          "fontWeight": "400",
          "textAlign": "left",
        }
      }
      testID="modalcontainer-label"
    >
      Modal description
    </Text>
    <View
      style={
        [
          {
            "alignItems": "center",
            "flex": undefined,
            "flexDirection": "column",
            "justifyContent": "center",
            "width": "100%",
          },
          {
            "backgroundColor": "#3EB290",
            "borderColor": "#3EB290",
            "borderRadius": 45,
            "borderWidth": 1,
            "elevation": 10,
            "marginBottom": 40,
            "marginTop": 30,
            "padding": 15,
            "shadowColor": "#000",
            "shadowOffset": {
              "height": 20,
              "width": 0,
            },
            "shadowOpacity": 0.18,
            "shadowRadius": 6,
            "width": "auto",
          },
        ]
      }
    >
      <SvgMock
        height={25}
        testID="modalcontainer-img"
        width={27}
      />
    </View>
    <View
      accessibilityRole="button"
      accessibilityState={
        {
          "busy": undefined,
          "checked": undefined,
          "disabled": false,
          "expanded": undefined,
          "selected": undefined,
        }
      }
      accessibilityValue={
        {
          "max": undefined,
          "min": undefined,
          "now": undefined,
          "text": undefined,
        }
      }
      accessible={true}
      collapsable={false}
      focusable={true}
      onBlur={[Function]}
      onClick={[Function]}
      onFocus={[Function]}
      onResponderGrant={[Function]}
      onResponderMove={[Function]}
      onResponderRelease={[Function]}
      onResponderTerminate={[Function]}
      onResponderTerminationRequest={[Function]}
      onStartShouldSetResponder={[Function]}
      style={
        [
          {
            "alignItems": "center",
            "borderRadius": 8,
            "borderStyle": "solid",
            "borderWidth": 1,
            "height": 65,
            "justifyContent": "center",
            "opacity": 1,
          },
          false,
          {
            "backgroundColor": "#363062",
            "height": 50,
            "width": "100%",
          },
        ]
      }
      testID="modalcontainer-button"
    >
      <Text
        style={
          [
            {
              "fontFamily": "Poppins-Bold",
              "fontSize": 18,
              "textAlign": "center",
            },
            {
              "color": "white",
            },
          ]
        }
        testID="button-text"
      >
        Button text
      </Text>
    </View>
  </View>
</View>
`;
