// Jest Snapshot v1, https://goo.gl/fbAQLP

exports[`should match snapshot 1`] = `
<View
  accessibilityRole="button"
  accessibilityState={
    {
      "busy": undefined,
      "checked": undefined,
      "disabled": undefined,
      "expanded": undefined,
      "selected": undefined,
    }
  }
  accessibilityValue={
    {
      "max": undefined,
      "min": undefined,
      "now": undefined,
      "text": undefined,
    }
  }
  accessible={true}
  collapsable={false}
  focusable={true}
  onBlur={[Function]}
  onClick={[Function]}
  onFocus={[Function]}
  onResponderGrant={[Function]}
  onResponderMove={[Function]}
  onResponderRelease={[Function]}
  onResponderTerminate={[Function]}
  onResponderTerminationRequest={[Function]}
  onStartShouldSetResponder={[Function]}
  style={
    {
      "alignItems": "center",
      "backgroundColor": "#363062",
      "borderColor": "#363062",
      "borderRadius": 8,
      "borderStyle": "solid",
      "height": 60,
      "justifyContent": "center",
      "opacity": 1,
    }
  }
  testID="test-button-id"
>
  <Text
    style={
      {
        "color": "white",
        "fontFamily": "Poppins-Bold",
        "fontSize": 18,
        "margin": 0,
        "padding": 0,
        "textAlign": "center",
      }
    }
    testID="button-text"
  >
    test button
  </Text>
</View>
`;
