// Jest Snapshot v1, https://goo.gl/fbAQLP

exports[`should match snapshot 1`] = `
<View
  style={
    [
      {
        "alignItems": "flex-start",
        "flex": undefined,
        "flexDirection": "row",
        "justifyContent": "space-between",
        "width": "100%",
      },
      undefined,
    ]
  }
  testID="test-socialloginbuttons-id"
>
  <View
    style={
      [
        {
          "alignItems": "stretch",
          "flex": undefined,
          "flexDirection": "column",
          "justifyContent": "flex-start",
          "width": "100%",
        },
        {
          "width": "47%",
        },
      ]
    }
  >
    <View
      accessibilityRole="button"
      accessibilityState={
        {
          "busy": undefined,
          "checked": undefined,
          "disabled": false,
          "expanded": undefined,
          "selected": undefined,
        }
      }
      accessibilityValue={
        {
          "max": undefined,
          "min": undefined,
          "now": undefined,
          "text": undefined,
        }
      }
      accessible={true}
      collapsable={false}
      focusable={true}
      onBlur={[Function]}
      onClick={[Function]}
      onFocus={[Function]}
      onResponderGrant={[Function]}
      onResponderMove={[Function]}
      onResponderRelease={[Function]}
      onResponderTerminate={[Function]}
      onResponderTerminationRequest={[Function]}
      onStartShouldSetResponder={[Function]}
      style={
        [
          {
            "alignItems": "center",
            "backgroundColor": "transparent",
            "borderStyle": "solid",
            "justifyContent": "center",
            "opacity": 1,
          },
          false,
          {
            "borderColor": "#E2E2E2",
            "borderRadius": 6,
            "borderWidth": 1,
            "height": 60,
          },
        ]
      }
      testID="socialloginbuttons-button-google"
    >
      <SvgMock
        height={25}
        testID="img-google"
        width="100%"
      />
    </View>
  </View>
  <View
    style={
      [
        {
          "alignItems": "stretch",
          "flex": undefined,
          "flexDirection": "column",
          "justifyContent": "flex-start",
          "width": "100%",
        },
        {
          "width": "47%",
        },
      ]
    }
  >
    <View
      accessibilityRole="button"
      accessibilityState={
        {
          "busy": undefined,
          "checked": undefined,
          "disabled": false,
          "expanded": undefined,
          "selected": undefined,
        }
      }
      accessibilityValue={
        {
          "max": undefined,
          "min": undefined,
          "now": undefined,
          "text": undefined,
        }
      }
      accessible={true}
      collapsable={false}
      focusable={true}
      onBlur={[Function]}
      onClick={[Function]}
      onFocus={[Function]}
      onResponderGrant={[Function]}
      onResponderMove={[Function]}
      onResponderRelease={[Function]}
      onResponderTerminate={[Function]}
      onResponderTerminationRequest={[Function]}
      onStartShouldSetResponder={[Function]}
      style={
        [
          {
            "alignItems": "center",
            "backgroundColor": "transparent",
            "borderStyle": "solid",
            "justifyContent": "center",
            "opacity": 1,
          },
          false,
          {
            "borderColor": "#E2E2E2",
            "borderRadius": 6,
            "borderWidth": 1,
            "height": 60,
          },
        ]
      }
      testID="socialloginbuttons-button-facebook"
    >
      <SvgMock
        height={25}
        testID="img-facebook"
        width="100%"
      />
    </View>
  </View>
</View>
`;
