// Jest Snapshot v1, https://goo.gl/fbAQLP

exports[`should match snapshot 1`] = `
<View
  style={
    [
      {
        "alignItems": "center",
        "flex": undefined,
        "flexDirection": "column",
        "justifyContent": "flex-start",
        "width": "100%",
      },
      {
        "height": 180,
        "marginBottom": 30,
      },
    ]
  }
  testID="test-bankcard-id"
>
  <View
    style={
      [
        {
          "alignItems": "stretch",
          "flex": undefined,
          "flexDirection": "column",
          "justifyContent": "flex-start",
          "width": "100%",
        },
        {
          "flex": 1,
          "width": "85%",
        },
      ]
    }
  >
    <View
      style={
        [
          {
            "alignItems": "stretch",
            "flex": 1,
            "flexDirection": "column",
            "justifyContent": "flex-start",
            "width": "100%",
          },
          {
            "borderRadius": 14,
          },
        ]
      }
    >
      <BVLinearGradient
        colors={
          [
            4282687833,
            4288473656,
          ]
        }
        endPoint={
          {
            "x": 1,
            "y": 0,
          }
        }
        locations={null}
        startPoint={
          {
            "x": 0,
            "y": 0,
          }
        }
        style={
          {
            "borderRadius": 14,
            "flex": 1,
          }
        }
        testID="gradientarea-gradient"
      >
        <View
          accessibilityIgnoresInvertColors={true}
          style={
            [
              {
                "flex": 1,
              },
              {
                "height": 250,
                "position": "absolute",
                "width": 350,
              },
            ]
          }
        >
          <Image
            source={
              {
                "testUri": "../../../src/img/wavecard2.png",
              }
            }
            style={
              [
                {
                  "bottom": 0,
                  "left": 0,
                  "position": "absolute",
                  "right": 0,
                  "top": 0,
                },
                {
                  "height": 250,
                  "width": 350,
                },
                undefined,
              ]
            }
          />
        </View>
        <View
          style={
            [
              {
                "alignItems": "stretch",
                "flex": 1,
                "flexDirection": "row",
                "justifyContent": "flex-start",
                "width": "100%",
              },
              {
                "paddingLeft": 25,
                "paddingRight": 50,
                "paddingVertical": 35,
              },
            ]
          }
        >
          <View
            style={
              [
                {
                  "alignItems": "stretch",
                  "flex": 2,
                  "flexDirection": "column",
                  "justifyContent": "flex-start",
                  "width": "100%",
                },
                undefined,
              ]
            }
          >
            <View
              style={
                [
                  {
                    "alignItems": "flex-start",
                    "flex": 1,
                    "flexDirection": "column",
                    "justifyContent": "flex-start",
                    "width": "100%",
                  },
                  undefined,
                ]
              }
            >
              <Text
                style={
                  {
                    "color": "white",
                    "fontFamily": "Poppins-Light",
                    "fontSize": 14,
                    "fontWeight": "400",
                    "textAlign": "left",
                  }
                }
                testID="bankcard-name"
              >
                name
              </Text>
              <Text
                style={
                  {
                    "color": "white",
                    "fontFamily": "Poppins-Bold",
                    "fontSize": 28,
                    "letterSpacing": undefined,
                    "textAlign": "left",
                  }
                }
                testID="bankcard-value"
              >
                value
              </Text>
            </View>
            <View
              style={
                [
                  {
                    "alignItems": "flex-start",
                    "flex": 1,
                    "flexDirection": "column",
                    "justifyContent": "flex-end",
                    "width": "100%",
                  },
                  undefined,
                ]
              }
            >
              <Text
                style={
                  {
                    "color": "#FFEF60",
                    "fontFamily": "Poppins-Bold",
                    "fontSize": 17,
                    "letterSpacing": 4,
                    "textAlign": "left",
                  }
                }
                testID="bankcard-cardnumber"
              >
                123 456 789 ***
              </Text>
            </View>
          </View>
          <View
            style={
              [
                {
                  "alignItems": "flex-end",
                  "flex": 1,
                  "flexDirection": "column",
                  "justifyContent": "flex-end",
                  "width": "100%",
                },
                undefined,
              ]
            }
          >
            <SvgMock
              height={42}
              width={42}
            />
          </View>
        </View>
      </BVLinearGradient>
    </View>
  </View>
</View>
`;
