// Jest Snapshot v1, https://goo.gl/fbAQLP

exports[`should match snapshot 1`] = `
<View
  style={
    [
      {
        "alignItems": "center",
        "flex": 1,
        "flexDirection": "column",
        "justifyContent": "center",
        "width": "100%",
      },
      {
        "backgroundColor": "#363062",
      },
    ]
  }
  testID="test-welcomecards-id"
>
  <View
    style={
      [
        {
          "alignItems": "stretch",
          "flex": 1.2,
          "flexDirection": "column",
          "justifyContent": "flex-end",
          "width": "100%",
        },
        {
          "backgroundColor": "#363062",
        },
      ]
    }
  >
    <SvgMock
      height={330}
      testID="welcomecards-img"
      width="100%"
    />
  </View>
  <View
    style={
      [
        {
          "alignItems": "center",
          "flex": 1,
          "flexDirection": "column",
          "justifyContent": "flex-start",
          "width": "100%",
        },
        {
          "backgroundColor": "white",
          "borderColor": "transparent",
          "borderTopLeftRadius": 45,
          "borderTopRightRadius": 45,
          "borderWidth": 0,
        },
      ]
    }
    testID="welcomecards-radius"
  >
    <View
      onLayout={[Function]}
      style={
        [
          {
            "backgroundColor": "transparent",
            "flex": 1,
            "position": "relative",
          },
          undefined,
        ]
      }
    >
      <RCTScrollView
        activeDotColor="#363062"
        automaticallyAdjustContentInsets={false}
        autoplay={false}
        autoplayDirection={true}
        autoplayTimeout={2.5}
        bounces={false}
        contentContainerStyle={
          [
            {
              "backgroundColor": "transparent",
            },
            undefined,
          ]
        }
        contentOffset={
          {
            "x": 0,
          }
        }
        disableNextButton={false}
        disablePrevButton={false}
        horizontal={true}
        index={0}
        loadMinimal={false}
        loadMinimalSize={1}
        loop={false}
        onIndexChanged={[Function]}
        onMomentumScrollEnd={[Function]}
        onScrollBeginDrag={[Function]}
        onScrollEndDrag={[Function]}
        paginationStyle={
          {
            "bottom": 80,
            "justifyContent": "flex-start",
            "left": 28,
          }
        }
        pagingEnabled={true}
        removeClippedSubviews={true}
        scrollsToTop={false}
        showsButtons={false}
        showsHorizontalScrollIndicator={false}
        showsPagination={true}
        showsVerticalScrollIndicator={false}
      >
        <View>
          <View
            style={
              [
                {
                  "height": 1334,
                  "width": 750,
                },
                {
                  "backgroundColor": "transparent",
                },
              ]
            }
          >
            <View
              style={
                [
                  {
                    "alignItems": "stretch",
                    "flex": 1,
                    "flexDirection": "column",
                    "justifyContent": "flex-start",
                    "width": "100%",
                  },
                  {
                    "alignItems": "center",
                    "width": "100%",
                  },
                ]
              }
              testID="welcomecards-welcomecardsarea1"
            >
              <View
                style={
                  [
                    {
                      "alignItems": "stretch",
                      "flex": 1,
                      "flexDirection": "column",
                      "justifyContent": "flex-start",
                      "width": "100%",
                    },
                    {
                      "marginHorizontal": undefined,
                      "marginTop": undefined,
                      "width": "85%",
                    },
                  ]
                }
                testID="welcomecardsarea-card"
              >
                <View
                  style={
                    [
                      {
                        "alignItems": "stretch",
                        "flex": undefined,
                        "flexDirection": "row",
                        "justifyContent": "space-between",
                        "width": "100%",
                      },
                      {
                        "marginHorizontal": undefined,
                        "marginTop": 50,
                        "width": undefined,
                      },
                    ]
                  }
                >
                  <View
                    style={
                      [
                        {
                          "alignItems": "stretch",
                          "flex": undefined,
                          "flexDirection": "column",
                          "justifyContent": "flex-start",
                          "width": "100%",
                        },
                        {
                          "marginHorizontal": undefined,
                          "marginTop": undefined,
                          "width": "78%",
                        },
                      ]
                    }
                  >
                    <Text
                      style={
                        {
                          "color": "black",
                          "fontFamily": "Poppins-Bold",
                          "fontSize": 40,
                          "textAlign": "left",
                        }
                      }
                      testID="welcomecardsarea-header"
                    >
                      maintext1
                    </Text>
                  </View>
                  <View
                    style={
                      [
                        {
                          "alignItems": "stretch",
                          "flex": undefined,
                          "flexDirection": "column",
                          "justifyContent": "flex-start",
                          "width": "100%",
                        },
                        {
                          "marginHorizontal": undefined,
                          "marginTop": undefined,
                          "width": "auto",
                        },
                      ]
                    }
                  >
                    <SvgMock
                      height={60}
                      testID="welcomecardsarea-logo"
                      width={60}
                    />
                  </View>
                </View>
                <View
                  style={
                    [
                      {
                        "alignItems": "stretch",
                        "flex": undefined,
                        "flexDirection": "column",
                        "justifyContent": "flex-start",
                        "width": "100%",
                      },
                      {
                        "marginHorizontal": undefined,
                        "marginTop": 20,
                        "width": undefined,
                      },
                    ]
                  }
                >
                  <Text
                    style={
                      {
                        "color": "black",
                        "fontFamily": "Poppins-Light",
                        "fontSize": 14,
                        "fontWeight": "400",
                        "textAlign": "left",
                      }
                    }
                    testID="welcomecardsarea-label"
                  >
                    cardtext1
                  </Text>
                </View>
                <View
                  style={
                    [
                      {
                        "alignItems": "flex-end",
                        "flex": undefined,
                        "flexDirection": "column",
                        "justifyContent": "flex-start",
                        "width": "100%",
                      },
                      {
                        "marginHorizontal": undefined,
                        "marginTop": 30,
                        "width": undefined,
                      },
                    ]
                  }
                >
                  <View
                    accessibilityRole="button"
                    accessibilityState={
                      {
                        "busy": undefined,
                        "checked": undefined,
                        "disabled": false,
                        "expanded": undefined,
                        "selected": undefined,
                      }
                    }
                    accessibilityValue={
                      {
                        "max": undefined,
                        "min": undefined,
                        "now": undefined,
                        "text": undefined,
                      }
                    }
                    accessible={true}
                    collapsable={false}
                    focusable={true}
                    onBlur={[Function]}
                    onClick={[Function]}
                    onFocus={[Function]}
                    onResponderGrant={[Function]}
                    onResponderMove={[Function]}
                    onResponderRelease={[Function]}
                    onResponderTerminate={[Function]}
                    onResponderTerminationRequest={[Function]}
                    onStartShouldSetResponder={[Function]}
                    style={
                      {
                        "alignItems": "center",
                        "backgroundColor": "white",
                        "borderColor": "white",
                        "borderRadius": 8,
                        "borderStyle": "solid",
                        "height": 65,
                        "justifyContent": "center",
                        "opacity": 1,
                      }
                    }
                    testID="welcomecardsarea-button"
                  >
                    <Text
                      style={
                        {
                          "color": "#363062",
                          "fontFamily": "Poppins-Bold",
                          "fontSize": 18,
                          "textAlign": "center",
                        }
                      }
                      testID="button-text"
                    >
                      GET STARTED
                    </Text>
                  </View>
                </View>
              </View>
            </View>
          </View>
          <View
            style={
              [
                {
                  "height": 1334,
                  "width": 750,
                },
                {
                  "backgroundColor": "transparent",
                },
              ]
            }
          >
            <View
              style={
                [
                  {
                    "alignItems": "stretch",
                    "flex": 1,
                    "flexDirection": "column",
                    "justifyContent": "flex-start",
                    "width": "100%",
                  },
                  {
                    "alignItems": "center",
                    "width": "100%",
                  },
                ]
              }
              testID="welcomecards-welcomecardsarea2"
            >
              <View
                style={
                  [
                    {
                      "alignItems": "stretch",
                      "flex": 1,
                      "flexDirection": "column",
                      "justifyContent": "flex-start",
                      "width": "100%",
                    },
                    {
                      "marginHorizontal": undefined,
                      "marginTop": undefined,
                      "width": "85%",
                    },
                  ]
                }
                testID="welcomecardsarea-card"
              >
                <View
                  style={
                    [
                      {
                        "alignItems": "stretch",
                        "flex": undefined,
                        "flexDirection": "row",
                        "justifyContent": "space-between",
                        "width": "100%",
                      },
                      {
                        "marginHorizontal": undefined,
                        "marginTop": 50,
                        "width": undefined,
                      },
                    ]
                  }
                >
                  <View
                    style={
                      [
                        {
                          "alignItems": "stretch",
                          "flex": undefined,
                          "flexDirection": "column",
                          "justifyContent": "flex-start",
                          "width": "100%",
                        },
                        {
                          "marginHorizontal": undefined,
                          "marginTop": undefined,
                          "width": "78%",
                        },
                      ]
                    }
                  >
                    <Text
                      style={
                        {
                          "color": "black",
                          "fontFamily": "Poppins-Bold",
                          "fontSize": 40,
                          "textAlign": "left",
                        }
                      }
                      testID="welcomecardsarea-header"
                    >
                      maintext2
                    </Text>
                  </View>
                  <View
                    style={
                      [
                        {
                          "alignItems": "stretch",
                          "flex": undefined,
                          "flexDirection": "column",
                          "justifyContent": "flex-start",
                          "width": "100%",
                        },
                        {
                          "marginHorizontal": undefined,
                          "marginTop": undefined,
                          "width": "auto",
                        },
                      ]
                    }
                  >
                    <SvgMock
                      height={60}
                      testID="welcomecardsarea-logo"
                      width={60}
                    />
                  </View>
                </View>
                <View
                  style={
                    [
                      {
                        "alignItems": "stretch",
                        "flex": undefined,
                        "flexDirection": "column",
                        "justifyContent": "flex-start",
                        "width": "100%",
                      },
                      {
                        "marginHorizontal": undefined,
                        "marginTop": 20,
                        "width": undefined,
                      },
                    ]
                  }
                >
                  <Text
                    style={
                      {
                        "color": "black",
                        "fontFamily": "Poppins-Light",
                        "fontSize": 14,
                        "fontWeight": "400",
                        "textAlign": "left",
                      }
                    }
                    testID="welcomecardsarea-label"
                  >
                    cardtext2
                  </Text>
                </View>
                <View
                  style={
                    [
                      {
                        "alignItems": "flex-end",
                        "flex": undefined,
                        "flexDirection": "column",
                        "justifyContent": "flex-start",
                        "width": "100%",
                      },
                      {
                        "marginHorizontal": undefined,
                        "marginTop": 30,
                        "width": undefined,
                      },
                    ]
                  }
                >
                  <View
                    accessibilityRole="button"
                    accessibilityState={
                      {
                        "busy": undefined,
                        "checked": undefined,
                        "disabled": false,
                        "expanded": undefined,
                        "selected": undefined,
                      }
                    }
                    accessibilityValue={
                      {
                        "max": undefined,
                        "min": undefined,
                        "now": undefined,
                        "text": undefined,
                      }
                    }
                    accessible={true}
                    collapsable={false}
                    focusable={true}
                    onBlur={[Function]}
                    onClick={[Function]}
                    onFocus={[Function]}
                    onResponderGrant={[Function]}
                    onResponderMove={[Function]}
                    onResponderRelease={[Function]}
                    onResponderTerminate={[Function]}
                    onResponderTerminationRequest={[Function]}
                    onStartShouldSetResponder={[Function]}
                    style={
                      {
                        "alignItems": "center",
                        "backgroundColor": "white",
                        "borderColor": "white",
                        "borderRadius": 8,
                        "borderStyle": "solid",
                        "height": 65,
                        "justifyContent": "center",
                        "opacity": 1,
                      }
                    }
                    testID="welcomecardsarea-button"
                  >
                    <Text
                      style={
                        {
                          "color": "#363062",
                          "fontFamily": "Poppins-Bold",
                          "fontSize": 18,
                          "textAlign": "center",
                        }
                      }
                      testID="button-text"
                    >
                      GET STARTED
                    </Text>
                  </View>
                </View>
              </View>
            </View>
          </View>
        </View>
      </RCTScrollView>
      <View
        pointerEvents="none"
        style={
          [
            {
              "alignItems": "center",
              "backgroundColor": "transparent",
              "bottom": 25,
              "flex": 1,
              "flexDirection": "row",
              "justifyContent": "center",
              "left": 0,
              "position": "absolute",
              "right": 0,
            },
            {
              "bottom": 80,
              "justifyContent": "flex-start",
              "left": 28,
            },
          ]
        }
      >
        <View
          style={
            [
              {
                "backgroundColor": "#363062",
                "borderRadius": 4,
                "height": 8,
                "marginBottom": 3,
                "marginLeft": 3,
                "marginRight": 3,
                "marginTop": 3,
                "width": 8,
              },
              undefined,
            ]
          }
        />
        <View
          style={
            [
              {
                "backgroundColor": "rgba(0,0,0,.2)",
                "borderRadius": 4,
                "height": 8,
                "marginBottom": 3,
                "marginLeft": 3,
                "marginRight": 3,
                "marginTop": 3,
                "width": 8,
              },
              undefined,
            ]
          }
        />
      </View>
    </View>
  </View>
</View>
`;
