// Jest Snapshot v1, https://goo.gl/fbAQLP

exports[`should match snapshot 1`] = `
<View
  style={
    [
      {
        "alignItems": "stretch",
        "flex": undefined,
        "flexDirection": "column",
        "justifyContent": "flex-start",
        "width": "100%",
      },
      undefined,
    ]
  }
  testID="test-loginform-id"
>
  <Text
    style={
      {
        "color": "black",
        "fontFamily": "Poppins-Bold",
        "fontSize": 24,
        "margin": 0,
        "padding": 0,
        "textAlign": "left",
      }
    }
    testID="loginform-header"
  >
    Login
  </Text>
  <View
    style={
      [
        {
          "alignItems": "flex-start",
          "flex": undefined,
          "flexDirection": "column",
          "justifyContent": "flex-start",
          "width": "100%",
        },
        undefined,
      ]
    }
    testID="loginform-inputarea-username"
  >
    <View
      style={
        [
          {
            "alignItems": "stretch",
            "flex": undefined,
            "flexDirection": "column",
            "justifyContent": "flex-start",
            "width": "100%",
          },
          {
            "backgroundColor": "white",
            "flex": 0,
            "marginHorizontal": 15,
            "paddingHorizontal": 10,
            "top": 15,
            "width": "auto",
            "zIndex": 1,
          },
        ]
      }
    >
      <Text
        style={
          {
            "color": "black",
            "fontFamily": "Poppins-Light",
            "fontSize": 14,
            "margin": 0,
            "padding": 0,
            "textAlign": "left",
          }
        }
        testID="inputarea-label"
      >
        Username
      </Text>
    </View>
    <TextInput
      accessibilityHint="Allow to insert username"
      accessibilityLabel="Login input field"
      autoComplete="username"
      autoCorrect={false}
      onChangeText={[Function]}
      style={
        {
          "borderColor": "#363062",
          "borderRadius": 8,
          "borderWidth": 1,
          "fontFamily": "Poppins-Light",
          "height": 60,
          "paddingLeft": 30,
          "width": "100%",
        }
      }
      testID="inputarea-input"
    />
  </View>
  <View
    style={
      [
        {
          "alignItems": "flex-start",
          "flex": undefined,
          "flexDirection": "column",
          "justifyContent": "flex-start",
          "width": "100%",
        },
        undefined,
      ]
    }
    testID="loginform-inputarea-password"
  >
    <Text
      style={
        {
          "color": "black",
          "fontFamily": "Poppins-Light",
          "fontSize": 14,
          "margin": 0,
          "padding": 0,
          "textAlign": "left",
        }
      }
      testID="inputarea-label"
    >
      Password
    </Text>
    <TextInput
      accessibilityHint="Allow to insert password"
      accessibilityLabel="Password input field"
      autoComplete="password"
      autoCorrect={false}
      onChangeText={[Function]}
      secureTextEntry={true}
      style={
        {
          "borderColor": "#363062",
          "borderRadius": 8,
          "borderWidth": 1,
          "fontFamily": "Poppins-Light",
          "height": 60,
          "paddingLeft": 30,
          "width": "100%",
        }
      }
      testID="inputarea-input"
    />
  </View>
  <View
    accessibilityRole="button"
    accessibilityState={
      {
        "busy": undefined,
        "checked": undefined,
        "disabled": undefined,
        "expanded": undefined,
        "selected": undefined,
      }
    }
    accessibilityValue={
      {
        "max": undefined,
        "min": undefined,
        "now": undefined,
        "text": undefined,
      }
    }
    accessible={true}
    collapsable={false}
    focusable={true}
    onBlur={[Function]}
    onClick={[Function]}
    onFocus={[Function]}
    onResponderGrant={[Function]}
    onResponderMove={[Function]}
    onResponderRelease={[Function]}
    onResponderTerminate={[Function]}
    onResponderTerminationRequest={[Function]}
    onStartShouldSetResponder={[Function]}
    style={
      {
        "alignItems": "center",
        "backgroundColor": "#363062",
        "borderColor": "#363062",
        "borderRadius": 8,
        "borderStyle": "solid",
        "height": 60,
        "justifyContent": "center",
        "opacity": 1,
      }
    }
    testID="loginform-button"
  >
    <Text
      style={
        {
          "color": "white",
          "fontFamily": "Poppins-Bold",
          "fontSize": 18,
          "margin": 0,
          "padding": 0,
          "textAlign": "center",
        }
      }
      testID="button-text"
    >
      SIGN IN
    </Text>
  </View>
</View>
`;
