// Jest Snapshot v1, https://goo.gl/fbAQLP

exports[`should match snapshot 1`] = `
<Text
  style={
    {
      "color": "black",
      "fontFamily": "Poppins-Bold",
      "fontSize": 24,
      "letterSpacing": undefined,
      "textAlign": "left",
    }
  }
  testID="test-header-id"
>
  test header
</Text>
`;
