// Jest Snapshot v1, https://goo.gl/fbAQLP

exports[`should match snapshot 1`] = `
<View
  style={
    [
      {
        "alignItems": "center",
        "flex": undefined,
        "flexDirection": "row",
        "justifyContent": "space-around",
        "width": "100%",
      },
      {
        "marginTop": 20,
      },
    ]
  }
  testID="test-marketheader-id"
>
  <Text
    style={
      {
        "color": "black",
        "fontFamily": "Poppins-Bold",
        "fontSize": 20,
        "letterSpacing": undefined,
        "textAlign": "left",
      }
    }
    testID="marketheader-header"
  >
    header
  </Text>
  <View
    accessibilityRole="button"
    accessibilityState={
      {
        "busy": undefined,
        "checked": undefined,
        "disabled": false,
        "expanded": undefined,
        "selected": undefined,
      }
    }
    accessibilityValue={
      {
        "max": undefined,
        "min": undefined,
        "now": undefined,
        "text": undefined,
      }
    }
    accessible={true}
    collapsable={false}
    focusable={true}
    onBlur={[Function]}
    onClick={[Function]}
    onFocus={[Function]}
    onResponderGrant={[Function]}
    onResponderMove={[Function]}
    onResponderRelease={[Function]}
    onResponderTerminate={[Function]}
    onResponderTerminationRequest={[Function]}
    onStartShouldSetResponder={[Function]}
    style={
      [
        {
          "alignItems": "center",
          "borderRadius": 8,
          "borderStyle": "solid",
          "borderWidth": 1,
          "height": 65,
          "justifyContent": "center",
          "opacity": 1,
        },
        false,
        {
          "borderWidth": 0,
          "height": 50,
        },
      ]
    }
    testID="marketheader-button"
  >
    <Text
      style={
        [
          {
            "fontFamily": "Poppins-Bold",
            "fontSize": 18,
            "textAlign": "center",
          },
          {
            "color": "#363062",
            "fontSize": 14,
          },
        ]
      }
      testID="button-text"
    >
      label
    </Text>
  </View>
</View>
`;
