// Jest Snapshot v1, https://goo.gl/fbAQLP

exports[`should match snapshot 1`] = `
<SvgMock
  height={100}
  testID="test-img-id"
  width={100}
/>
`;
