// Jest Snapshot v1, https://goo.gl/fbAQLP

exports[`should match snapshot 1`] = `
<View
  style={
    [
      {
        "alignItems": "center",
        "flex": undefined,
        "flexDirection": "row",
        "justifyContent": "flex-start",
        "width": "100%",
      },
      undefined,
    ]
  }
  testID="test-transactionsfilter-id"
>
  <View
    accessibilityRole="button"
    accessibilityState={
      {
        "busy": undefined,
        "checked": undefined,
        "disabled": false,
        "expanded": undefined,
        "selected": undefined,
      }
    }
    accessibilityValue={
      {
        "max": undefined,
        "min": undefined,
        "now": undefined,
        "text": undefined,
      }
    }
    accessible={true}
    collapsable={false}
    focusable={true}
    onBlur={[Function]}
    onClick={[Function]}
    onFocus={[Function]}
    onResponderGrant={[Function]}
    onResponderMove={[Function]}
    onResponderRelease={[Function]}
    onResponderTerminate={[Function]}
    onResponderTerminationRequest={[Function]}
    onStartShouldSetResponder={[Function]}
    style={
      [
        {
          "alignItems": "center",
          "borderRadius": 8,
          "borderStyle": "solid",
          "borderWidth": 1,
          "height": 65,
          "justifyContent": "center",
          "opacity": 1,
        },
        false,
        {
          "borderWidth": 0,
          "marginRight": 20,
        },
      ]
    }
    testID="transactionsfilter-button-all"
  >
    <Text
      style={
        [
          {
            "fontFamily": "Poppins-Bold",
            "fontSize": 18,
            "textAlign": "center",
          },
          {
            "color": "#363062",
          },
        ]
      }
      testID="button-text"
    >
      All
    </Text>
  </View>
  <View
    accessibilityRole="button"
    accessibilityState={
      {
        "busy": undefined,
        "checked": undefined,
        "disabled": false,
        "expanded": undefined,
        "selected": undefined,
      }
    }
    accessibilityValue={
      {
        "max": undefined,
        "min": undefined,
        "now": undefined,
        "text": undefined,
      }
    }
    accessible={true}
    collapsable={false}
    focusable={true}
    onBlur={[Function]}
    onClick={[Function]}
    onFocus={[Function]}
    onResponderGrant={[Function]}
    onResponderMove={[Function]}
    onResponderRelease={[Function]}
    onResponderTerminate={[Function]}
    onResponderTerminationRequest={[Function]}
    onStartShouldSetResponder={[Function]}
    style={
      [
        {
          "alignItems": "center",
          "borderRadius": 8,
          "borderStyle": "solid",
          "borderWidth": 1,
          "height": 65,
          "justifyContent": "center",
          "opacity": 1,
        },
        false,
        {
          "borderWidth": 0,
          "marginRight": 20,
        },
      ]
    }
    testID="transactionsfilter-button-expense"
  >
    <Text
      style={
        [
          {
            "fontFamily": "Poppins-Bold",
            "fontSize": 18,
            "textAlign": "center",
          },
          {
            "color": "#BDBDBD",
          },
        ]
      }
      testID="button-text"
    >
      Expense
    </Text>
  </View>
  <View
    accessibilityRole="button"
    accessibilityState={
      {
        "busy": undefined,
        "checked": undefined,
        "disabled": false,
        "expanded": undefined,
        "selected": undefined,
      }
    }
    accessibilityValue={
      {
        "max": undefined,
        "min": undefined,
        "now": undefined,
        "text": undefined,
      }
    }
    accessible={true}
    collapsable={false}
    focusable={true}
    onBlur={[Function]}
    onClick={[Function]}
    onFocus={[Function]}
    onResponderGrant={[Function]}
    onResponderMove={[Function]}
    onResponderRelease={[Function]}
    onResponderTerminate={[Function]}
    onResponderTerminationRequest={[Function]}
    onStartShouldSetResponder={[Function]}
    style={
      [
        {
          "alignItems": "center",
          "borderRadius": 8,
          "borderStyle": "solid",
          "borderWidth": 1,
          "height": 65,
          "justifyContent": "center",
          "opacity": 1,
        },
        false,
        {
          "borderWidth": 0,
          "marginRight": 20,
        },
      ]
    }
    testID="transactionsfilter-button-income"
  >
    <Text
      style={
        [
          {
            "fontFamily": "Poppins-Bold",
            "fontSize": 18,
            "textAlign": "center",
          },
          {
            "color": "#BDBDBD",
          },
        ]
      }
      testID="button-text"
    >
      Income
    </Text>
  </View>
</View>
`;
